I'm sorry, but errors were detected in your script. Please correct the
errors listed below, and try again.


File "game/script.rpy", line 12: end of line expected.
    show splashscreen-warning.png with dissolve
                             ^

Ren'Py Version: Ren'Py 8.1.3.23091805
Sun Nov 26 01:58:51 2023
